-- Configuring done (0.2s)
-- Generating done (0.2s)
-- Build files have been written to: /work/project/build/offline
[  7%] Building CXX object CMakeFiles/rkmoon_core.dir/src/core.cpp.o
[ 15%] Linking CXX static library librkmoon_core.a
[ 38%] Built target rkmoon_core
[ 46%] Linking CXX executable rkmoon-hid-fixture
[ 61%] Built target rkmoon_capture
[ 69%] Building CXX object CMakeFiles/rkmoon-core-tests.dir/tests/core_tests.cpp.o
[ 76%] Linking CXX executable rkmoon-v4l2-probe
[ 84%] Built target rkmoon-hid-fixture
[ 92%] Built target rkmoon-v4l2-probe
[100%] Linking CXX executable rkmoon-core-tests
[100%] Built target rkmoon-core-tests
Internal ctest changing into directory: /work/project/build/offline
Test project /work/project/build/offline
      Start  1: wire_roundtrip
 1/25 Test  #1: wire_roundtrip ...................   Passed    0.03 sec
      Start  2: wire_oversize
 2/25 Test  #2: wire_oversize ....................   Passed    0.03 sec
      Start  3: wire_reserved
 3/25 Test  #3: wire_reserved ....................   Passed    0.03 sec
      Start  4: wire_kind
 4/25 Test  #4: wire_kind ........................   Passed    0.03 sec
      Start  5: wire_payload
 5/25 Test  #5: wire_payload .....................   Passed    0.03 sec
      Start  6: wire_flags
 6/25 Test  #6: wire_flags .......................   Passed    0.03 sec
      Start  7: config_valid
 7/25 Test  #7: config_valid .....................   Passed    0.03 sec
      Start  8: config_invalid
 8/25 Test  #8: config_invalid ...................   Passed    0.03 sec
      Start  9: h264_idr
 9/25 Test  #9: h264_idr .........................   Passed    0.03 sec
      Start 10: hevc_idr
10/25 Test #10: hevc_idr .........................   Passed    0.03 sec
      Start 11: hevc_cra
11/25 Test #11: hevc_cra .........................   Passed    0.03 sec
      Start 12: missing_headers
12/25 Test #12: missing_headers ..................   Passed    0.03 sec
      Start 13: two_pictures
13/25 Test #13: two_pictures .....................   Passed    0.03 sec
      Start 14: bad_nal
14/25 Test #14: bad_nal ..........................   Passed    0.03 sec
      Start 15: sequence_bad
15/25 Test #15: sequence_bad .....................   Passed    0.03 sec
      Start 16: sequence_good
16/25 Test #16: sequence_good ....................   Passed    0.03 sec
      Start 17: pixel_black
17/25 Test #17: pixel_black ......................   Passed    0.03 sec
      Start 18: pixel_white
18/25 Test #18: pixel_white ......................   Passed    0.03 sec
      Start 19: pixel_stride
19/25 Test #19: pixel_stride .....................   Passed    0.03 sec
      Start 20: pixel_bounds
20/25 Test #20: pixel_bounds .....................   Passed    0.03 sec
      Start 21: direct_layout
21/25 Test #21: direct_layout ....................   Passed    0.03 sec
      Start 22: ipc_roundtrip
22/25 Test #22: ipc_roundtrip ....................   Passed    0.03 sec
      Start 23: ipc_eof
23/25 Test #23: ipc_eof ..........................   Passed    0.03 sec
      Start 24: ipc_deadline
24/25 Test #24: ipc_deadline .....................   Passed    0.05 sec
      Start 25: child_spawn
25/25 Test #25: child_spawn ......................   Passed    0.06 sec

100% tests passed, 0 tests failed out of 25

Total Test time (real) =   0.80 sec
test_absolute_state (test_hid.HttpTests.test_absolute_state) ... ok
test_bounded_reply (test_hid.HttpTests.test_bounded_reply) ... ok
test_chunked (test_hid.HttpTests.test_chunked) ... ok
test_event_paths (test_hid.HttpTests.test_event_paths) ... ok
test_http_reject (test_hid.HttpTests.test_http_reject) ... ok
test_json_reject (test_hid.HttpTests.test_json_reject) ... ok
test_offline_state (test_hid.HttpTests.test_offline_state) ... ok
test_state (test_hid.HttpTests.test_state) ... ok
test_unknown_length (test_hid.HttpTests.test_unknown_length) ... ok
test_button_release (test_hid.LeaseTests.test_button_release) ... ok
test_combo_release_all (test_hid.LeaseTests.test_combo_release_all) ... ok
test_down_timeout_still_release (test_hid.LeaseTests.test_down_timeout_still_release) ... ok
test_key_release (test_hid.LeaseTests.test_key_release) ... ok
test_modifier_alias (test_hid.LeaseTests.test_modifier_alias) ... ok
test_move_chunks (test_hid.LeaseTests.test_move_chunks) ... ok
test_queue_coalesce (test_hid.LeaseTests.test_queue_coalesce) ... ok
test_queue_edge (test_hid.LeaseTests.test_queue_edge) ... ok
test_queue_overflow (test_hid.LeaseTests.test_queue_overflow) ... ok
test_queue_wait (test_hid.LeaseTests.test_queue_wait) ... ok
test_release_retry (test_hid.LeaseTests.test_release_retry) ... ok
test_repeat (test_hid.LeaseTests.test_repeat) ... ok
test_wheel_fraction (test_hid.LeaseTests.test_wheel_fraction) ... ok
test_auth_symlink (test_hid.ProtocolTests.test_auth_symlink) ... ok
test_buttons (test_hid.ProtocolTests.test_buttons) ... ok
test_chunk_sum (test_hid.ProtocolTests.test_chunk_sum) ... ok
test_crlf (test_hid.ProtocolTests.test_crlf) ... ok
test_extra_field (test_hid.ProtocolTests.test_extra_field) ... ok
test_forbidden_header (test_hid.ProtocolTests.test_forbidden_header) ... ok
test_integer_bool (test_hid.ProtocolTests.test_integer_bool) ... ok
test_key (test_hid.ProtocolTests.test_key) ... ok
test_missing_field (test_hid.ProtocolTests.test_missing_field) ... ok
test_move_range (test_hid.ProtocolTests.test_move_range) ... ok
test_no_absolute (test_hid.ProtocolTests.test_no_absolute) ... ok
test_numeric_state (test_hid.ProtocolTests.test_numeric_state) ... ok
test_private_file (test_hid.ProtocolTests.test_private_file) ... ok
test_unknown_key (test_hid.ProtocolTests.test_unknown_key) ... ok
test_absolute_rejected (test_hid.ServerTests.test_absolute_rejected) ... input lease revoked (protocol, timeout, backend, or permission failure)
ok
test_bad_json_releases (test_hid.ServerTests.test_bad_json_releases) ... input lease revoked (protocol, timeout, backend, or permission failure)
ok
test_eof_releases (test_hid.ServerTests.test_eof_releases) ... ok
test_exclusive (test_hid.ServerTests.test_exclusive) ... ok
test_failed_release_latches_busy (test_hid.ServerTests.test_failed_release_latches_busy) ... HID release incomplete; blocking new leases and retrying
ok
test_heartbeat_releases (test_hid.ServerTests.test_heartbeat_releases) ... input lease revoked (protocol, timeout, backend, or permission failure)
ok
test_oversize_releases (test_hid.ServerTests.test_oversize_releases) ... input lease revoked (protocol, timeout, backend, or permission failure)
ok
test_path_ownership_guard (test_hid.ServerTests.test_path_ownership_guard) ... ok
test_ping_keeps_lease (test_hid.ServerTests.test_ping_keeps_lease) ... ok
test_shutdown_releases (test_hid.ServerTests.test_shutdown_releases) ... input lease revoked (protocol, timeout, backend, or permission failure)
ok
test_real_client_abrupt_exit_releases (test_native_hid.NativeHidTests.test_real_client_abrupt_exit_releases) ... ok
test_real_client_heartbeat_move_and_release (test_native_hid.NativeHidTests.test_real_client_heartbeat_move_and_release) ... ok
test_audio_is_explicitly_disabled (test_overlay.OverlayTests.test_audio_is_explicitly_disabled) ... ok
test_changed_signature (test_overlay.OverlayTests.test_changed_signature) ... ok
test_commit_fixed (test_overlay.OverlayTests.test_commit_fixed) ... ok
test_duplicate_anchor (test_overlay.OverlayTests.test_duplicate_anchor) ... ok
test_missing_anchor (test_overlay.OverlayTests.test_missing_anchor) ... ok
test_multiline_signature (test_overlay.OverlayTests.test_multiline_signature) ... ok
test_once (test_overlay.OverlayTests.test_once) ... ok
test_platform_sources_can_find_bridge_header (test_overlay.OverlayTests.test_platform_sources_can_find_bridge_header) ... ok
test_queue_not_replaced (test_overlay.OverlayTests.test_queue_not_replaced) ... ok
test_rtsp_admission_precedes_allocation (test_overlay.OverlayTests.test_rtsp_admission_precedes_allocation) ... ok
test_failed_second_start_does_not_release_active_owner (test_tools.StopRecoveryTests.test_failed_second_start_does_not_release_active_owner) ... ok
test_failed_start_without_owned_input_does_not_release (test_tools.StopRecoveryTests.test_failed_start_without_owned_input_does_not_release) ... ok
test_boolean_is_not_string (test_tools.ToolTests.test_boolean_is_not_string) ... ok
test_config_unknown_fields (test_tools.ToolTests.test_config_unknown_fields) ... ok
test_empty_quantiles (test_tools.ToolTests.test_empty_quantiles) ... ok
test_example_is_unprivileged_and_unauthorized (test_tools.ToolTests.test_example_is_unprivileged_and_unauthorized) ... ok
test_no_input_no_release_request (test_tools.ToolTests.test_no_input_no_release_request) ... ok
test_prepare_never_overwrites (test_tools.ToolTests.test_prepare_never_overwrites) ... ok
test_private_dir_permissions (test_tools.ToolTests.test_private_dir_permissions) ... ok
test_quantiles (test_tools.ToolTests.test_quantiles) ... ok
test_stock_binary_refused (test_tools.ToolTests.test_stock_binary_refused) ... ok

----------------------------------------------------------------------
Ran 69 tests in 3.796s

OK
